I'm sorry, but errors were detected in your script. Please correct the
errors listed below, and try again.


File "game/script.rpy", line 58: expected statement.
    config.main_menu_music = "audio/music/scene2happyEdited.ogg"
                           ^

Ren'Py Version: Ren'Py 7.2.2.491
Thu Jun 06 22:23:51 2019
